<?xml version="1.0" encoding="UTF-8"?>
<testsuites>
  <testsuite name="Folder 1">
    <testcase classname="Google Success" name="Status code is 200"/>
    <testcase classname="Google Fail" name="Status code is 200">
      <failure message="google.com returned 405"/>
    </testcase>
  </testsuite>
</testsuites>